Last login: Tue Dec  9 18:09:28 on ttys000
leonidkudrasov@MacBook-Air-Leonid ~ % cd /Users/leonidkudrasov/Downloads/TourReportMaster-2
leonidkudrasov@MacBook-Air-Leonid TourReportMaster-2 % npm install
npm warn deprecated inflight@1.0.6: This module is not supported, and leaks memory. Do not use it. Check out lru-cache if you want a good and tested way to coalesce async requests by a key value, which is much more comprehensive and powerful.
npm warn deprecated rimraf@3.0.2: Rimraf versions prior to v4 are no longer supported
npm warn deprecated glob@7.2.3: Glob versions prior to v9 are no longer supported
npm warn deprecated glob@7.2.3: Glob versions prior to v9 are no longer supported
npm warn deprecated glob@7.2.3: Glob versions prior to v9 are no longer supported
npm warn deprecated glob@7.2.3: Glob versions prior to v9 are no longer supported

added 957 packages, and audited 958 packages in 7s

181 packages are looking for funding
  run `npm fund` for details

1 moderate severity vulnerability

To address all issues, run:
  npm audit fix

Run `npm audit` for details.
leonidkudrasov@MacBook-Air-Leonid TourReportMaster-2 % npx expo install --fix
env: load .env.local
env: export EXPO_PUBLIC_SUPABASE_URL EXPO_PUBLIC_SUPABASE_ANON_KEY
The following packages should be updated for best compatibility with the installed expo version:
  react-native-svg@15.15.1 - expected version: 15.12.1
Your project may not work correctly until you install the expected versions of the packages.
› Installing 1 SDK 54.0.0 compatible native module using npm
> npm install

changed 1 package, and audited 958 packages in 2s

181 packages are looking for funding
  run `npm fund` for details

1 moderate severity vulnerability

To address all issues, run:
  npm audit fix

Run `npm audit` for details.
leonidkudrasov@MacBook-Air-Leonid TourReportMaster-2 % eas secret:create --scope project --name EXPO_PUBLIC_SUPABASE_URL --type string
This command is deprecated. Use eas env:create instead.

✔ Secret value: … https://hkrufwoktmkedxajvzsy.supabase.co
This project already has an environment variable named "EXPO_PUBLIC_SUPABASE_URL". Choose another name or edit the existing variable.
Request ID: bee82a64-6d5c-4d16-9b1e-c4202cd9c5a5
    Error: GraphQL request failed.
leonidkudrasov@MacBook-Air-Leonid TourReportMaster-2 % eas secret:create --scope project --name EXPO_PUBLIC_SUPABASE_URL --type string
This command is deprecated. Use eas env:create instead.

✔ Secret value: … https://hkrufwoktmkedxajvzsy.supabase.co
This project already has an environment variable named "EXPO_PUBLIC_SUPABASE_URL". Choose another name or edit the existing variable.
Request ID: 64995324-72de-45fb-afa4-259f2bba07be
    Error: GraphQL request failed.
leonidkudrasov@MacBook-Air-Leonid TourReportMaster-2 % 
